{
  "resourceType": "Bundle",
  "type": "transaction",
  "entry": [
    {
      "fullUrl": "urn:uuid:3f58cece-dbe1-8eeb-31ed-962578010bc8",
      "resource": {
        "resourceType": "Patient",
        "id": "3f58cece-dbe1-8eeb-31ed-962578010bc8",
        "identifier": [ { "value": "MRNTC09SA-Part A" } ],
        "name": [
          {
            "family": "Shine",
            "given": [ "Baby Girl" ],
            "use": "official"
          }
        ],
        "birthDate": "2016-03-08",
        "gender": "female",
        "address": [
          {
            "line": [ "123 Main Street", "Apartment 3-C" ],
            "city": "Oldtown",
            "state": "MI",
            "postalCode": "48917",
            "country": "USA"
          }
        ],
        "telecom": [
          { "use": "home" },
          { "use": "work" }
        ],
        "deceasedBoolean": "false"
      },
      "request": {
        "method": "PUT",
        "url": "Patient/3f58cece-dbe1-8eeb-31ed-962578010bc8"
      }
    },
    {
      "fullUrl": "urn:uuid:d7806d67-2d9c-48ba-8059-d59e9c4bcdd0",
      "resource": {
        "resourceType": "RelatedPerson",
        "id": "d7806d67-2d9c-48ba-8059-d59e9c4bcdd0",
        "relationship": [
          {
            "coding": [
              {
                "code": "MTH",
                "display": "mother",
                "system": "http://terminology.hl7.org/CodeSystem/v3-RoleCode"
              }
            ]
          },
          {
            "coding": [
              {
                "code": "E",
                "display": "Employer",
                "system": "http://terminology.hl7.org/CodeSystem/v2-0131"
              }
            ]
          }
        ],
        "address": [
          {
            "line": [ "123 Main Street", "Apartment 3-C" ],
            "city": "Oldtown",
            "state": "MI",
            "postalCode": "48917",
            "country": "USA"
          }
        ],
        "name": [
          {
            "family": "Shine",
            "given": [ "Sarah" ]
          }
        ],
        "patient": { "reference": "Patient/3f58cece-dbe1-8eeb-31ed-962578010bc8" }
      },
      "request": {
        "method": "PUT",
        "url": "RelatedPerson/d7806d67-2d9c-48ba-8059-d59e9c4bcdd0"
      }
    }
  ]
}